// Jest Snapshot v1, https://goo.gl/fbAQLP

exports[`Test in NotesScreen component SnapShot to NotesScreen component 1`] = `
<div
  className="notes__main-content"
>
  <div
    className="notes__appbar"
  >
    <span>
      19/03/2022
    </span>
    <input
      id="fileSelector"
      name="picture"
      onChange={[Function]}
      style={
        Object {
          "display": "none",
        }
      }
      type="file"
    />
    <div>
      <button
        className="btn"
        onClick={[Function]}
      >
        Picture
      </button>
      <button
        className="btn"
        onClick={[Function]}
      >
        Save
      </button>
    </div>
  </div>
  <div>
    <Portal
      containerInfo={
        <body
          style="padding-right: 1024px; overflow: hidden;"
        >
          <div
            aria-describedby="transition-modal-description"
            aria-labelledby="transition-modal-title"
            class="MuiModal-root css-79ws1d-MuiModal-root"
            role="presentation"
          >
            <div
              aria-hidden="true"
              class="MuiBackdrop-root css-i9fmh8-MuiBackdrop-root-MuiModal-backdrop"
              style="opacity: 1; webkit-transition: opacity 225ms cubic-bezier(0.4, 0, 0.2, 1) 0ms; transition: opacity 225ms cubic-bezier(0.4, 0, 0.2, 1) 0ms;"
            />
            <div
              data-test="sentinelStart"
              tabindex="0"
            />
            <div
              class="notes__modal MuiBox-root css-0"
              style="opacity: 1; webkit-transition: opacity 225ms cubic-bezier(0.4, 0, 0.2, 1) 0ms; transition: opacity 225ms cubic-bezier(0.4, 0, 0.2, 1) 0ms;"
              tabindex="-1"
            >
              <div
                class="MuiPaper-root MuiPaper-elevation MuiPaper-rounded MuiPaper-elevation0 MuiAlert-root MuiAlert-outlinedSuccess MuiAlert-outlined css-dcrfqy-MuiPaper-root-MuiAlert-root"
                role="alert"
              >
                <div
                  class="MuiAlert-icon css-1ytlwq5-MuiAlert-icon"
                >
                  <svg
                    aria-hidden="true"
                    class="MuiSvgIcon-root MuiSvgIcon-fontSizeInherit css-1vooibu-MuiSvgIcon-root"
                    data-testid="SuccessOutlinedIcon"
                    focusable="false"
                    viewBox="0 0 24 24"
                  >
                    <path
                      d="M20,12A8,8 0 0,1 12,20A8,8 0 0,1 4,12A8,8 0 0,1 12,4C12.76,4 13.5,4.11 14.2, 4.31L15.77,2.74C14.61,2.26 13.34,2 12,2A10,10 0 0,0 2,12A10,10 0 0,0 12,22A10,10 0 0, 0 22,12M7.91,10.08L6.5,11.5L11,16L21,6L19.59,4.58L11,13.17L7.91,10.08Z"
                    />
                  </svg>
                </div>
                <div
                  class="MuiAlert-message css-acap47-MuiAlert-message"
                >
                  <div
                    class="MuiTypography-root MuiTypography-body1 MuiTypography-gutterBottom MuiAlertTitle-root css-yslrua-MuiTypography-root-MuiAlertTitle-root"
                    severity="success"
                  >
                    <strong>
                      note save
                    </strong>
                  </div>
                  All rigth
                </div>
              </div>
            </div>
            <div
              data-test="sentinelEnd"
              tabindex="0"
            />
          </div>
        </body>
      }
    >
      Array [
        "",
        <div
          aria-describedby="transition-modal-description"
          aria-labelledby="transition-modal-title"
          className="MuiModal-root css-79ws1d-MuiModal-root"
          onKeyDown={[Function]}
          role="presentation"
        >
          Array [
            "",
            Array [
              "",
              <div
                aria-hidden={true}
                className="MuiBackdrop-root css-i9fmh8-MuiBackdrop-root-MuiModal-backdrop"
                onClick={[Function]}
                style={
                  Object {
                    "opacity": 1,
                    "visibility": undefined,
                  }
                }
              />,
            ],
          ]
          Array [
            <div
              data-test="sentinelStart"
              onFocus={[Function]}
              tabIndex={0}
            />,
            Array [
              "",
              <div
                className="notes__modal MuiBox-root css-0"
                onFocus={[Function]}
                style={
                  Object {
                    "opacity": 1,
                    "visibility": undefined,
                  }
                }
                tabIndex="-1"
              >
                Array [
                  "",
                  Array [
                    "",
                    <div
                      className="MuiPaper-root MuiPaper-elevation MuiPaper-rounded MuiPaper-elevation0 MuiAlert-root MuiAlert-outlinedSuccess MuiAlert-outlined css-dcrfqy-MuiPaper-root-MuiAlert-root"
                      role="alert"
                    >
                      Array [
                        "",
                        <div
                          className="MuiAlert-icon css-1ytlwq5-MuiAlert-icon"
                        >
                          Array [
                            "",
                            <svg
                              aria-hidden={true}
                              className="MuiSvgIcon-root MuiSvgIcon-fontSizeInherit css-1vooibu-MuiSvgIcon-root"
                              data-testid="SuccessOutlinedIcon"
                              focusable="false"
                              viewBox="0 0 24 24"
                            >
                              <path
                                d="M20,12A8,8 0 0,1 12,20A8,8 0 0,1 4,12A8,8 0 0,1 12,4C12.76,4 13.5,4.11 14.2, 4.31L15.77,2.74C14.61,2.26 13.34,2 12,2A10,10 0 0,0 2,12A10,10 0 0,0 12,22A10,10 0 0, 0 22,12M7.91,10.08L6.5,11.5L11,16L21,6L19.59,4.58L11,13.17L7.91,10.08Z"
                              />
                            </svg>,
                          ]
                        </div>,
                      ]
                      Array [
                        "",
                        <div
                          className="MuiAlert-message css-acap47-MuiAlert-message"
                        >
                          Array [
                            "",
                            Array [
                              "",
                              <div
                                className="MuiTypography-root MuiTypography-body1 MuiTypography-gutterBottom MuiAlertTitle-root css-yslrua-MuiTypography-root-MuiAlertTitle-root"
                                severity="success"
                              >
                                <strong>
                                  note save
                                </strong>
                              </div>,
                            ],
                          ]
                          All rigth
                        </div>,
                      ]
                    </div>,
                  ],
                ]
              </div>,
            ],
            <div
              data-test="sentinelEnd"
              onFocus={[Function]}
              tabIndex={0}
            />,
          ]
        </div>,
      ]
    </Portal>
  </div>
  <div
    className="notes__content"
  >
    <input
      autoComplete="off"
      autoFocus={true}
      className="notes__title-input"
      name="title"
      onChange={[Function]}
      placeholder="Some awsome title"
      type="text"
    />
    <textarea
      className="notes__textarea"
      name="body"
      onChange={[Function]}
      placeholder="What are you doing today"
    />
    <button
      className="btn btn-danger"
      onClick={[Function]}
    >
      Delete note
    </button>
  </div>
</div>
`;
