// Jest Snapshot v1, https://goo.gl/fbAQLP

exports[`Test in NotesForm Component SnapShot to NotesForm component 1`] = `
<div
  className="notes__content"
>
  <input
    autoComplete="off"
    autoFocus={true}
    className="notes__title-input"
    name="title"
    onChange={[Function]}
    placeholder="Some awsome title"
    type="text"
    value="Hi note"
  />
  <textarea
    className="notes__textarea"
    name="body"
    onChange={[Function]}
    placeholder="What are you doing today"
    value="hi lich"
  />
  <button
    className="btn btn-danger"
    onClick={[Function]}
  >
    Delete note
  </button>
</div>
`;
